00:00 +0: loading C:/Users/uumai/Downloads/zip/formula_scholar/test/features/chapters/presentation/cubit/subjects_cubit_test.dart
00:00 +0: SubjectsCubit initializes with default empty state
=== setUp ===
--- TEST: initializes with default empty state ---
[38;5;244m┌───────────────────────────────────────────────────────────────────────────────[0m
[38;5;244m│ 00:03:03.872 (+0:00:00.002092)[0m
[38;5;244m├┄┄┄┄┄┄┄┄┄┄┄┄┄┄┄┄┄┄┄┄┄┄┄┄┄┄┄┄┄┄┄┄┄┄┄┄┄┄┄┄┄┄┄┄┄┄┄┄┄┄┄┄┄┄┄┄┄┄┄┄┄┄┄┄┄┄┄┄┄┄┄┄┄┄┄┄┄┄┄[0m
[38;5;244m│  [CurriculumUseCase] WatchCurriculumUseCase subscribed[0m
[38;5;244m└───────────────────────────────────────────────────────────────────────────────[0m
00:00 +0 -1: SubjectsCubit initializes with default empty state [E]
  Expected: empty
    Actual: <null>
  NoSuchMethodError: The getter 'isEmpty' was called on null.
  Receiver: null
  Tried calling: isEmpty at #0      Object.noSuchMethod (dart:core-patch/object_patch.dart:38:5)
  #1      _Empty.matches (package:matcher/src/core_matchers.dart:17:67)
  #2      _expect (package:matcher/src/expect/expect.dart:138:30)
  #3      expect (package:matcher/src/expect/expect.dart:56:3)
  #4      expect (package:flutter_test/src/widget_tester.dart:473:18)
  #5      main.<anonymous closure>.<anonymous closure> (file:///C:/Users/uumai/Downloads/zip/formula_scholar/test/features/chapters/presentation/cubit/subjects_cubit_test.dart:47:7)
  #6      Declarer.test.<anonymous closure>.<anonymous closure> (package:test_api/src/backend/declarer.dart:242:19)
  <asynchronous suspension>
  #7      Declarer.test.<anonymous closure> (package:test_api/src/backend/declarer.dart:240:7)
  <asynchronous suspension>
  #8      Invoker._waitForOutstandingCallbacks.<anonymous closure> (package:test_api/src/backend/invoker.dart:282:9)
  <asynchronous suspension>
  
  
  package:matcher                                                          expect
  package:flutter_test/src/widget_tester.dart 473:18                       expect
  test\features\chapters\presentation\cubit\subjects_cubit_test.dart 47:7  main.<fn>.<fn>
  
[38;5;12m┌───────────────────────────────────────────────────────────────────────────────[0m
[38;5;12m│ 00:03:03.920 (+0:00:00.050620)[0m
[38;5;12m├┄┄┄┄┄┄┄┄┄┄┄┄┄┄┄┄┄┄┄┄┄┄┄┄┄┄┄┄┄┄┄┄┄┄┄┄┄┄┄┄┄┄┄┄┄┄┄┄┄┄┄┄┄┄┄┄┄┄┄┄┄┄┄┄┄┄┄┄┄┄┄┄┄┄┄┄┄┄┄[0m
[38;5;12m│ 💡 [CurriculumCubit] Refreshing curriculum from repository[0m
[38;5;12m└───────────────────────────────────────────────────────────────────────────────[0m
[38;5;244m┌───────────────────────────────────────────────────────────────────────────────[0m
[38;5;244m│ 00:03:03.921 (+0:00:00.051717)[0m
[38;5;244m├┄┄┄┄┄┄┄┄┄┄┄┄┄┄┄┄┄┄┄┄┄┄┄┄┄┄┄┄┄┄┄┄┄┄┄┄┄┄┄┄┄┄┄┄┄┄┄┄┄┄┄┄┄┄┄┄┄┄┄┄┄┄┄┄┄┄┄┄┄┄┄┄┄┄┄┄┄┄┄[0m
[38;5;244m│  [CurriculumUseCase] LoadCurriculumUseCase called[0m
[38;5;244m└───────────────────────────────────────────────────────────────────────────────[0m
=== tearDown ===
[38;5;12m┌───────────────────────────────────────────────────────────────────────────────[0m
[38;5;12m│ 00:03:03.924 (+0:00:00.054634)[0m
[38;5;12m├┄┄┄┄┄┄┄┄┄┄┄┄┄┄┄┄┄┄┄┄┄┄┄┄┄┄┄┄┄┄┄┄┄┄┄┄┄┄┄┄┄┄┄┄┄┄┄┄┄┄┄┄┄┄┄┄┄┄┄┄┄┄┄┄┄┄┄┄┄┄┄┄┄┄┄┄┄┄┄[0m
[38;5;12m│ 💡 [CurriculumCubit] Curriculum sync event: none[0m
[38;5;12m└───────────────────────────────────────────────────────────────────────────────[0m
00:00 +0 -1: SubjectsCubit immediately loads subjects when curriculum is already available on init
=== setUp ===
--- TEST: immediately loads subjects when curriculum is already available on init ---
[38;5;244m┌───────────────────────────────────────────────────────────────────────────────[0m
[38;5;244m│ 00:03:03.953 (+0:00:00.083483)[0m
[38;5;244m├┄┄┄┄┄┄┄┄┄┄┄┄┄┄┄┄┄┄┄┄┄┄┄┄┄┄┄┄┄┄┄┄┄┄┄┄┄┄┄┄┄┄┄┄┄┄┄┄┄┄┄┄┄┄┄┄┄┄┄┄┄┄┄┄┄┄┄┄┄┄┄┄┄┄┄┄┄┄┄[0m
[38;5;244m│  [CurriculumUseCase] WatchCurriculumUseCase subscribed[0m
[38;5;244m└───────────────────────────────────────────────────────────────────────────────[0m
[38;5;12m┌───────────────────────────────────────────────────────────────────────────────[0m
[38;5;12m│ 00:03:03.955 (+0:00:00.085605)[0m
[38;5;12m├┄┄┄┄┄┄┄┄┄┄┄┄┄┄┄┄┄┄┄┄┄┄┄┄┄┄┄┄┄┄┄┄┄┄┄┄┄┄┄┄┄┄┄┄┄┄┄┄┄┄┄┄┄┄┄┄┄┄┄┄┄┄┄┄┄┄┄┄┄┄┄┄┄┄┄┄┄┄┄[0m
[38;5;12m│ 💡 [CurriculumCubit] Refreshing curriculum from repository[0m
[38;5;12m└───────────────────────────────────────────────────────────────────────────────[0m
[38;5;244m┌───────────────────────────────────────────────────────────────────────────────[0m
[38;5;244m│ 00:03:03.956 (+0:00:00.086257)[0m
[38;5;244m├┄┄┄┄┄┄┄┄┄┄┄┄┄┄┄┄┄┄┄┄┄┄┄┄┄┄┄┄┄┄┄┄┄┄┄┄┄┄┄┄┄┄┄┄┄┄┄┄┄┄┄┄┄┄┄┄┄┄┄┄┄┄┄┄┄┄┄┄┄┄┄┄┄┄┄┄┄┄┄[0m
[38;5;244m│  [CurriculumUseCase] LoadCurriculumUseCase called[0m
[38;5;244m└───────────────────────────────────────────────────────────────────────────────[0m
[38;5;12m┌───────────────────────────────────────────────────────────────────────────────[0m
[38;5;12m│ 00:03:03.957 (+0:00:00.086874)[0m
[38;5;12m├┄┄┄┄┄┄┄┄┄┄┄┄┄┄┄┄┄┄┄┄┄┄┄┄┄┄┄┄┄┄┄┄┄┄┄┄┄┄┄┄┄┄┄┄┄┄┄┄┄┄┄┄┄┄┄┄┄┄┄┄┄┄┄┄┄┄┄┄┄┄┄┄┄┄┄┄┄┄┄[0m
[38;5;12m│ 💡 [CurriculumCubit] Curriculum sync event: CBSE[0m
[38;5;12m└───────────────────────────────────────────────────────────────────────────────[0m
[38;5;244m┌───────────────────────────────────────────────────────────────────────────────[0m
[38;5;244m│ 00:03:03.958 (+0:00:00.088518)[0m
[38;5;244m├┄┄┄┄┄┄┄┄┄┄┄┄┄┄┄┄┄┄┄┄┄┄┄┄┄┄┄┄┄┄┄┄┄┄┄┄┄┄┄┄┄┄┄┄┄┄┄┄┄┄┄┄┄┄┄┄┄┄┄┄┄┄┄┄┄┄┄┄┄┄┄┄┄┄┄┄┄┄┄[0m
[38;5;244m│  [DashboardUseCase] GetSubjectsUseCase called for cbse, class_10[0m
[38;5;244m└───────────────────────────────────────────────────────────────────────────────[0m
SubjectsCubit state update: SubjectsStatus.loading
SubjectsCubit state update: SubjectsStatus.loaded
=== tearDown ===
00:00 +1 -1: SubjectsCubit loads subjects when curriculum state transitions from null/loading to loaded
=== setUp ===
--- TEST: loads subjects when curriculum state transitions from null/loading to loaded ---
[38;5;244m┌───────────────────────────────────────────────────────────────────────────────[0m
[38;5;244m│ 00:03:04.011 (+0:00:00.140886)[0m
[38;5;244m├┄┄┄┄┄┄┄┄┄┄┄┄┄┄┄┄┄┄┄┄┄┄┄┄┄┄┄┄┄┄┄┄┄┄┄┄┄┄┄┄┄┄┄┄┄┄┄┄┄┄┄┄┄┄┄┄┄┄┄┄┄┄┄┄┄┄┄┄┄┄┄┄┄┄┄┄┄┄┄[0m
[38;5;244m│  [CurriculumUseCase] WatchCurriculumUseCase subscribed[0m
[38;5;244m└───────────────────────────────────────────────────────────────────────────────[0m
┌───────────────────────────────────────────────────────────────────────────────
│ 00:03:04.012 (+0:00:00.141935)
├┄┄┄┄┄┄┄┄┄┄┄┄┄┄┄┄┄┄┄┄┄┄┄┄┄┄┄┄┄┄┄┄┄┄┄┄┄┄┄┄┄┄┄┄┄┄┄┄┄┄┄┄┄┄┄┄┄┄┄┄┄┄┄┄┄┄┄┄┄┄┄┄┄┄┄┄┄┄┄
│ 🐛 [CurriculumCubit] Applying curriculum locally: icse/class_9
└───────────────────────────────────────────────────────────────────────────────
[38;5;12m┌───────────────────────────────────────────────────────────────────────────────[0m
[38;5;12m│ 00:03:04.012 (+0:00:00.141935)[0m
[38;5;12m├┄┄┄┄┄┄┄┄┄┄┄┄┄┄┄┄┄┄┄┄┄┄┄┄┄┄┄┄┄┄┄┄┄┄┄┄┄┄┄┄┄┄┄┄┄┄┄┄┄┄┄┄┄┄┄┄┄┄┄┄┄┄┄┄┄┄┄┄┄┄┄┄┄┄┄┄┄┄┄[0m
[38;5;12m│ 💡 [CurriculumCubit] Refreshing curriculum from repository[0m
[38;5;12m└───────────────────────────────────────────────────────────────────────────────[0m
[38;5;244m┌───────────────────────────────────────────────────────────────────────────────[0m
[38;5;244m│ 00:03:04.012 (+0:00:00.141935)[0m
[38;5;244m├┄┄┄┄┄┄┄┄┄┄┄┄┄┄┄┄┄┄┄┄┄┄┄┄┄┄┄┄┄┄┄┄┄┄┄┄┄┄┄┄┄┄┄┄┄┄┄┄┄┄┄┄┄┄┄┄┄┄┄┄┄┄┄┄┄┄┄┄┄┄┄┄┄┄┄┄┄┄┄[0m
[38;5;244m│  [CurriculumUseCase] LoadCurriculumUseCase called[0m
[38;5;244m└───────────────────────────────────────────────────────────────────────────────[0m
[38;5;244m┌───────────────────────────────────────────────────────────────────────────────[0m
[38;5;244m│ 00:03:04.013 (+0:00:00.142935)[0m
[38;5;244m├┄┄┄┄┄┄┄┄┄┄┄┄┄┄┄┄┄┄┄┄┄┄┄┄┄┄┄┄┄┄┄┄┄┄┄┄┄┄┄┄┄┄┄┄┄┄┄┄┄┄┄┄┄┄┄┄┄┄┄┄┄┄┄┄┄┄┄┄┄┄┄┄┄┄┄┄┄┄┄[0m
[38;5;244m│  [DashboardUseCase] GetSubjectsUseCase called for icse, class_9[0m
[38;5;244m└───────────────────────────────────────────────────────────────────────────────[0m
[38;5;12m┌───────────────────────────────────────────────────────────────────────────────[0m
[38;5;12m│ 00:03:04.013 (+0:00:00.142935)[0m
[38;5;12m├┄┄┄┄┄┄┄┄┄┄┄┄┄┄┄┄┄┄┄┄┄┄┄┄┄┄┄┄┄┄┄┄┄┄┄┄┄┄┄┄┄┄┄┄┄┄┄┄┄┄┄┄┄┄┄┄┄┄┄┄┄┄┄┄┄┄┄┄┄┄┄┄┄┄┄┄┄┄┄[0m
[38;5;12m│ 💡 [CurriculumCubit] Curriculum sync event: none[0m
[38;5;12m└───────────────────────────────────────────────────────────────────────────────[0m
SubjectsCubit state update: SubjectsStatus.loading
SubjectsCubit state update: SubjectsStatus.loaded
SubjectsCubit state update: SubjectsStatus.initial
00:00 +1 -2: SubjectsCubit loads subjects when curriculum state transitions from null/loading to loaded [E]
  Expected: SubjectsStatus:<SubjectsStatus.loaded>
    Actual: SubjectsStatus:<SubjectsStatus.initial>
  
  package:matcher                                                           expect
  package:flutter_test/src/widget_tester.dart 473:18                        expect
  test\features\chapters\presentation\cubit\subjects_cubit_test.dart 127:7  main.<fn>.<fn>
  
=== tearDown ===
00:00 +1 -2: SubjectsCubit emits error status when loading subjects fails
=== setUp ===
--- TEST: emits error status when loading subjects fails ---
[38;5;244m┌───────────────────────────────────────────────────────────────────────────────[0m
[38;5;244m│ 00:03:04.071 (+0:00:00.201860)[0m
[38;5;244m├┄┄┄┄┄┄┄┄┄┄┄┄┄┄┄┄┄┄┄┄┄┄┄┄┄┄┄┄┄┄┄┄┄┄┄┄┄┄┄┄┄┄┄┄┄┄┄┄┄┄┄┄┄┄┄┄┄┄┄┄┄┄┄┄┄┄┄┄┄┄┄┄┄┄┄┄┄┄┄[0m
[38;5;244m│  [CurriculumUseCase] WatchCurriculumUseCase subscribed[0m
[38;5;244m└───────────────────────────────────────────────────────────────────────────────[0m
[38;5;12m┌───────────────────────────────────────────────────────────────────────────────[0m
[38;5;12m│ 00:03:04.073 (+0:00:00.203220)[0m
[38;5;12m├┄┄┄┄┄┄┄┄┄┄┄┄┄┄┄┄┄┄┄┄┄┄┄┄┄┄┄┄┄┄┄┄┄┄┄┄┄┄┄┄┄┄┄┄┄┄┄┄┄┄┄┄┄┄┄┄┄┄┄┄┄┄┄┄┄┄┄┄┄┄┄┄┄┄┄┄┄┄┄[0m
[38;5;12m│ 💡 [CurriculumCubit] Refreshing curriculum from repository[0m
[38;5;12m└───────────────────────────────────────────────────────────────────────────────[0m
[38;5;244m┌───────────────────────────────────────────────────────────────────────────────[0m
[38;5;244m│ 00:03:04.073 (+0:00:00.203220)[0m
[38;5;244m├┄┄┄┄┄┄┄┄┄┄┄┄┄┄┄┄┄┄┄┄┄┄┄┄┄┄┄┄┄┄┄┄┄┄┄┄┄┄┄┄┄┄┄┄┄┄┄┄┄┄┄┄┄┄┄┄┄┄┄┄┄┄┄┄┄┄┄┄┄┄┄┄┄┄┄┄┄┄┄[0m
[38;5;244m│  [CurriculumUseCase] LoadCurriculumUseCase called[0m
[38;5;244m└───────────────────────────────────────────────────────────────────────────────[0m
[38;5;12m┌───────────────────────────────────────────────────────────────────────────────[0m
[38;5;12m│ 00:03:04.073 (+0:00:00.203220)[0m
[38;5;12m├┄┄┄┄┄┄┄┄┄┄┄┄┄┄┄┄┄┄┄┄┄┄┄┄┄┄┄┄┄┄┄┄┄┄┄┄┄┄┄┄┄┄┄┄┄┄┄┄┄┄┄┄┄┄┄┄┄┄┄┄┄┄┄┄┄┄┄┄┄┄┄┄┄┄┄┄┄┄┄[0m
[38;5;12m│ 💡 [CurriculumCubit] Curriculum sync event: CBSE[0m
[38;5;12m└───────────────────────────────────────────────────────────────────────────────[0m
[38;5;244m┌───────────────────────────────────────────────────────────────────────────────[0m
[38;5;244m│ 00:03:04.073 (+0:00:00.203794)[0m
[38;5;244m├┄┄┄┄┄┄┄┄┄┄┄┄┄┄┄┄┄┄┄┄┄┄┄┄┄┄┄┄┄┄┄┄┄┄┄┄┄┄┄┄┄┄┄┄┄┄┄┄┄┄┄┄┄┄┄┄┄┄┄┄┄┄┄┄┄┄┄┄┄┄┄┄┄┄┄┄┄┄┄[0m
[38;5;244m│  [DashboardUseCase] GetSubjectsUseCase called for cbse, class_10[0m
[38;5;244m└───────────────────────────────────────────────────────────────────────────────[0m
SubjectsCubit state update: SubjectsStatus.loading
SubjectsCubit state update: SubjectsStatus.error
=== tearDown ===
00:00 +2 -2: SubjectsCubit resets to empty state when curriculum is cleared/null
=== setUp ===
--- TEST: resets to empty state when curriculum is cleared/null ---
[38;5;244m┌───────────────────────────────────────────────────────────────────────────────[0m
[38;5;244m│ 00:03:04.128 (+0:00:00.258344)[0m
[38;5;244m├┄┄┄┄┄┄┄┄┄┄┄┄┄┄┄┄┄┄┄┄┄┄┄┄┄┄┄┄┄┄┄┄┄┄┄┄┄┄┄┄┄┄┄┄┄┄┄┄┄┄┄┄┄┄┄┄┄┄┄┄┄┄┄┄┄┄┄┄┄┄┄┄┄┄┄┄┄┄┄[0m
[38;5;244m│  [CurriculumUseCase] WatchCurriculumUseCase subscribed[0m
[38;5;244m└───────────────────────────────────────────────────────────────────────────────[0m
[38;5;12m┌───────────────────────────────────────────────────────────────────────────────[0m
[38;5;12m│ 00:03:04.128 (+0:00:00.258849)[0m
[38;5;12m├┄┄┄┄┄┄┄┄┄┄┄┄┄┄┄┄┄┄┄┄┄┄┄┄┄┄┄┄┄┄┄┄┄┄┄┄┄┄┄┄┄┄┄┄┄┄┄┄┄┄┄┄┄┄┄┄┄┄┄┄┄┄┄┄┄┄┄┄┄┄┄┄┄┄┄┄┄┄┄[0m
[38;5;12m│ 💡 [CurriculumCubit] Refreshing curriculum from repository[0m
[38;5;12m└───────────────────────────────────────────────────────────────────────────────[0m
[38;5;244m┌───────────────────────────────────────────────────────────────────────────────[0m
[38;5;244m│ 00:03:04.128 (+0:00:00.258849)[0m
[38;5;244m├┄┄┄┄┄┄┄┄┄┄┄┄┄┄┄┄┄┄┄┄┄┄┄┄┄┄┄┄┄┄┄┄┄┄┄┄┄┄┄┄┄┄┄┄┄┄┄┄┄┄┄┄┄┄┄┄┄┄┄┄┄┄┄┄┄┄┄┄┄┄┄┄┄┄┄┄┄┄┄[0m
[38;5;244m│  [CurriculumUseCase] LoadCurriculumUseCase called[0m
[38;5;244m└───────────────────────────────────────────────────────────────────────────────[0m
[38;5;12m┌───────────────────────────────────────────────────────────────────────────────[0m
[38;5;12m│ 00:03:04.128 (+0:00:00.258849)[0m
[38;5;12m├┄┄┄┄┄┄┄┄┄┄┄┄┄┄┄┄┄┄┄┄┄┄┄┄┄┄┄┄┄┄┄┄┄┄┄┄┄┄┄┄┄┄┄┄┄┄┄┄┄┄┄┄┄┄┄┄┄┄┄┄┄┄┄┄┄┄┄┄┄┄┄┄┄┄┄┄┄┄┄[0m
[38;5;12m│ 💡 [CurriculumCubit] Curriculum sync event: CBSE[0m
[38;5;12m└───────────────────────────────────────────────────────────────────────────────[0m
[38;5;244m┌───────────────────────────────────────────────────────────────────────────────[0m
[38;5;244m│ 00:03:04.128 (+0:00:00.258849)[0m
[38;5;244m├┄┄┄┄┄┄┄┄┄┄┄┄┄┄┄┄┄┄┄┄┄┄┄┄┄┄┄┄┄┄┄┄┄┄┄┄┄┄┄┄┄┄┄┄┄┄┄┄┄┄┄┄┄┄┄┄┄┄┄┄┄┄┄┄┄┄┄┄┄┄┄┄┄┄┄┄┄┄┄[0m
[38;5;244m│  [DashboardUseCase] GetSubjectsUseCase called for cbse, class_10[0m
[38;5;244m└───────────────────────────────────────────────────────────────────────────────[0m
SubjectsCubit state update: SubjectsStatus.loading
SubjectsCubit state update: SubjectsStatus.loaded
┌───────────────────────────────────────────────────────────────────────────────
│ 00:03:04.181 (+0:00:00.310966)
├┄┄┄┄┄┄┄┄┄┄┄┄┄┄┄┄┄┄┄┄┄┄┄┄┄┄┄┄┄┄┄┄┄┄┄┄┄┄┄┄┄┄┄┄┄┄┄┄┄┄┄┄┄┄┄┄┄┄┄┄┄┄┄┄┄┄┄┄┄┄┄┄┄┄┄┄┄┄┄
│ 🐛 [CurriculumCubit] Curriculum cleared
└───────────────────────────────────────────────────────────────────────────────
SubjectsCubit state update: SubjectsStatus.initial
=== tearDown ===
00:00 +3 -2: Some tests failed.
